26-03-11 23:49:27.895 : model_name:diffusion_ffhq_10m, mask_type:random, image sigma:0.000, model sigma:0.000
26-03-11 23:49:27.896 : eta:0.000, zeta:1.000, lambda:1.000, guidance_scale:1.00 
26-03-11 23:49:27.896 : start step:999, skip_type:quad, skip interval:50, skipstep analytic steps:0
26-03-11 23:49:27.896 : Model path: DiffPIR/model_zoo/diffusion_ffhq_10m.pt
26-03-11 23:49:27.897 : testsets\single
26-03-11 23:51:36.861 : model_name:diffusion_ffhq_10m, mask_type:random, image sigma:0.000, model sigma:0.000
26-03-11 23:51:36.863 : eta:0.000, zeta:1.000, lambda:1.000, guidance_scale:1.00 
26-03-11 23:51:36.863 : start step:999, skip_type:quad, skip interval:50, skipstep analytic steps:0
26-03-11 23:51:36.863 : Model path: DiffPIR/model_zoo/diffusion_ffhq_10m.pt
26-03-11 23:51:36.864 : testsets\single
26-03-11 23:51:36.864 : eta:0.000, zeta:1.000, lambda:1.000, guidance_scale:1.00
26-03-11 23:53:07.158 : ---1-->   19-0.png PSNR: 9.7365dB
26-03-11 23:53:07.189 : ------> Average PSNR of (single), sigma: (0.000): 9.7365 dB
26-03-12 00:02:14.480 : model_name:diffusion_ffhq_10m, mask_type:random, image sigma:0.000, model sigma:0.000
26-03-12 00:02:14.482 : eta:0.000, zeta:1.000, lambda:1.000, guidance_scale:1.00 
26-03-12 00:02:14.483 : start step:999, skip_type:quad, skip interval:50, skipstep analytic steps:0
26-03-12 00:02:14.483 : Model path: DiffPIR/model_zoo/diffusion_ffhq_10m.pt
26-03-12 00:02:14.483 : testsets\single
26-03-12 00:02:14.483 : eta:0.000, zeta:1.000, lambda:1.000, guidance_scale:1.00
26-03-12 00:37:10.488 : model_name:diffusion_ffhq_10m, mask_type:random, image sigma:0.000, model sigma:0.000
26-03-12 00:37:10.489 : eta:0.000, zeta:1.000, lambda:1.000, guidance_scale:1.00 
26-03-12 00:37:10.489 : start step:999, skip_type:quad, skip interval:50, skipstep analytic steps:0
26-03-12 00:37:10.489 : Model path: DiffPIR/model_zoo/diffusion_ffhq_10m.pt
26-03-12 00:37:10.489 : testsets\single
26-03-12 00:37:10.489 : eta:0.000, zeta:1.000, lambda:1.000, guidance_scale:1.00
26-03-12 00:41:28.854 : model_name:diffusion_ffhq_10m, mask_type:random, image sigma:0.000, model sigma:0.000
26-03-12 00:41:28.855 : eta:0.000, zeta:1.000, lambda:1.000, guidance_scale:1.00 
26-03-12 00:41:28.855 : start step:999, skip_type:quad, skip interval:50, skipstep analytic steps:0
26-03-12 00:41:28.855 : Model path: DiffPIR/model_zoo/diffusion_ffhq_10m.pt
26-03-12 00:41:28.855 : testsets\single
26-03-12 00:41:28.856 : eta:0.000, zeta:1.000, lambda:1.000, guidance_scale:1.00
26-03-12 00:42:53.256 : ---1-->   19-0.png PSNR: 15.1853dB
26-03-12 00:42:53.302 : 19-0.png | Time: 84.41s | GPU memory: 0.00 MB
26-03-12 00:42:53.303 : ------> Average PSNR of (single), sigma: (0.000): 15.1853 dB
